[INFO] Instance loaded
    name            : oP_L1_5x_Teff_iNsfnet_14_21_d20_ofNLUS_f0_cd1_os1_gn0_b1_r0_cu0_p2
    nodes           : 14
    links           : 21
    demands         : 20
    nominal path    : 20
    plot type       : solve
    failure links   : [[6, 13]]
    affected K_Z    : [3, 8, 13, 16]
Set parameter Username
Set parameter LicenseID to value 2812610
Academic license - for non-commercial use only - expires 2027-04-23
Set parameter TimeLimit to value 300
Set parameter OutputFlag to value 1
Gurobi Optimizer version 13.0.1 build v13.0.1rc0 (linux64 - "Arch Linux")

CPU model: Intel(R) Core(TM) i5-6500 CPU @ 3.20GHz, instruction set [SSE2|AVX|AVX2]
Thread count: 4 physical cores, 4 logical processors, using up to 4 threads

Non-default parameters:
TimeLimit  300

Optimize a model with 21737 rows, 22388 columns and 289591 nonzeros (Min)
Model fingerprint: 0x0ef7f9a4
Model has 1245 linear objective coefficients
Variable types: 0 continuous, 22388 integer (22388 binary)
Coefficient statistics:
  Matrix range     [1e+00, 1e+00]
  Objective range  [1e+00, 3e+03]
  Bounds range     [1e+00, 1e+00]
  RHS range        [1e+00, 1e+00]


---------------------------------------------------------------------------
Multi-objectives: starting optimization (min) with 2 objectives... 
---------------------------------------------------------------------------

Multi-objectives: applying initial presolve...
---------------------------------------------------------------------------

Presolve removed 4742 rows and 4701 columns
Presolve time: 0.74s
Presolved: 16995 rows, 17687 columns, 170146 nonzeros
---------------------------------------------------------------------------

Multi-objectives: optimize objective 1 (min_additional_mig) ...
---------------------------------------------------------------------------

Found heuristic solution: objective 1.0000000
Presolve removed 47 rows and 110 columns
Presolve time: 0.30s
Presolved: 16948 rows, 17577 columns, 169613 nonzeros
Variable types: 0 continuous, 17577 integer (17577 binary)

Root relaxation: objective 0.000000e+00, 77 iterations, 0.00 seconds (0.00 work units)

    Nodes    |    Current Node    |     Objective Bounds      |     Work
 Expl Unexpl |  Obj  Depth IntInf | Incumbent    BestBd   Gap | It/Node Time

     0     0    0.00000    0    6    1.00000    0.00000   100%     -    1s
H    0     0                       0.0000000    0.00000  0.00%     -    1s
     0     0    0.00000    0    6    0.00000    0.00000  0.00%     -    1s

Explored 1 nodes (164 simplex iterations) in 1.34 seconds (1.84 work units)
Thread count was 4 (of 4 available processors)

Solution count 2: 0 1 

Optimal solution found (tolerance 1.00e-04)
Best objective 0.000000000000e+00, best bound 0.000000000000e+00, gap 0.0000%
---------------------------------------------------------------------------

Multi-objectives: optimize objective 2 (min_total_latency) ...
---------------------------------------------------------------------------

Loaded user MIP start with objective 25700

Presolve removed 14365 rows and 11709 columns
Presolve time: 0.23s
Presolved: 2631 rows, 5978 columns, 36594 nonzeros
Variable types: 0 continuous, 5978 integer (5978 binary)

Root relaxation: objective 1.640000e+04, 513 iterations, 0.01 seconds (0.01 work units)

    Nodes    |    Current Node    |     Objective Bounds      |     Work
 Expl Unexpl |  Obj  Depth IntInf | Incumbent    BestBd   Gap | It/Node Time

*    0     0               0    16400.000000 16400.0000  0.00%     -    1s

Explored 1 nodes (513 simplex iterations) in 1.61 seconds (2.10 work units)
Thread count was 4 (of 4 available processors)

Solution count 2: 16400 25700 

Optimal solution found (tolerance 1.00e-04)
Best objective 1.640000000000e+04, best bound 1.640000000000e+04, gap 0.0000%

---------------------------------------------------------------------------
Multi-objectives: solved in 1.61 seconds (2.10 work units), solution count 3

[OK] Result saved to: ../data/solution/Nfsnet_14_21/orange_nfsnet_14_21_d20_solution.json
[SOLUTION] Basic resilient RSA
    affected K_Z    : [3, 8, 13, 16]
    K_prime         : [3, 8, 13, 16]
    migration_order : 3 -> 8 -> 13 -> 16
    migrated_paths  : {'3': {'path': [12, 9, 10, 6], 'start_slot': 16, 'last_slot': 21, 'slot_block': [16, 17, 18, 19, 20, 21], 'selected_arcs': [[10, 6], [9, 10], [12, 9]]}, '8': {'path': [3, 6, 10, 9, 14], 'start_slot': 25, 'last_slot': 27, 'slot_block': [25, 26, 27], 'selected_arcs': [[3, 6], [6, 10], [10, 9], [9, 14]]}, '13': {'path': [3, 6, 10, 9, 12], 'start_slot': 22, 'last_slot': 24, 'slot_block': [22, 23, 24], 'selected_arcs': [[3, 6], [6, 10], [10, 9], [9, 12]]}, '16': {'path': [12, 9, 10, 6, 3], 'start_slot': 28, 'last_slot': 30, 'slot_block': [28, 29, 30], 'selected_arcs': [[6, 3], [10, 6], [9, 10], [12, 9]]}}
