[INFO] Instance loaded
    name            : oP_L1_5x_Teff_iNsfnet_14_21_d60_b_ofNLUS_f0_cd1_os1_gn0_b1_r0_cu0_p2
    nodes           : 14
    links           : 21
    demands         : 60
    nominal path    : 60
    plot type       : solve
    failure links   : [[3, 6]]
    affected K_Z    : [1, 5, 13, 27, 31, 37, 45, 46, 53, 55, 60]
Set parameter Username
Set parameter LicenseID to value 2812610
Academic license - for non-commercial use only - expires 2027-04-23
Set parameter TimeLimit to value 300
Set parameter OutputFlag to value 1
Gurobi Optimizer version 13.0.1 build v13.0.1rc0 (linux64 - "Arch Linux")

CPU model: Intel(R) Core(TM) i5-6500 CPU @ 3.20GHz, instruction set [SSE2|AVX|AVX2]
Thread count: 4 physical cores, 4 logical processors, using up to 4 threads

Non-default parameters:
TimeLimit  300

Optimize a model with 343236 rows, 220512 columns and 4497589 nonzeros (Min)
Model fingerprint: 0x532e0f71
Model has 12272 linear objective coefficients
Variable types: 0 continuous, 220512 integer (220512 binary)
Coefficient statistics:
  Matrix range     [1e+00, 1e+00]
  Objective range  [1e+00, 3e+03]
  Bounds range     [1e+00, 1e+00]
  RHS range        [1e+00, 1e+00]


---------------------------------------------------------------------------
Multi-objectives: starting optimization (min) with 2 objectives... 
---------------------------------------------------------------------------

Multi-objectives: applying initial presolve...
---------------------------------------------------------------------------

Presolve removed 34969 rows and 45272 columns (presolve time = 5s)...
Presolve removed 35257 rows and 45450 columns (presolve time = 10s)...
Presolve removed 40223 rows and 46048 columns (presolve time = 15s)...
Presolve removed 40174 rows and 45999 columns
Presolve time: 15.38s
Presolved: 303062 rows, 174513 columns, 2175109 nonzeros
---------------------------------------------------------------------------

Multi-objectives: optimize objective 1 (min_additional_mig) ...
---------------------------------------------------------------------------

Presolve removed 508 rows and 1054 columns (presolve time = 5s)...
Presolve removed 523 rows and 1054 columns
Presolve time: 6.75s
Presolved: 302539 rows, 173459 columns, 2170392 nonzeros
Variable types: 0 continuous, 173459 integer (173459 binary)
Found heuristic solution: objective 23.0000000

Deterministic concurrent LP optimizer: primal simplex, dual simplex, and barrier
Showing barrier log only...

Root barrier log...

Ordering time: 1.56s

Barrier performed 0 iterations in 27.86 seconds (43.18 work units)
Barrier solve interrupted - model solved by another algorithm

Concurrent spin time: 1.04s (can be avoided by choosing Method=3)

Solved with dual simplex

Root relaxation: objective 0.000000e+00, 1469 iterations, 4.60 seconds (3.59 work units)

    Nodes    |    Current Node    |     Objective Bounds      |     Work
 Expl Unexpl |  Obj  Depth IntInf | Incumbent    BestBd   Gap | It/Node Time

     0     0    0.00000    0    2   23.00000    0.00000   100%     -   30s
H    0     0                       0.0000000    0.00000  0.00%     -   31s
     0     0    0.00000    0    2    0.00000    0.00000  0.00%     -   31s

Explored 1 nodes (29486 simplex iterations) in 31.03 seconds (47.13 work units)
Thread count was 4 (of 4 available processors)

Solution count 2: 0 23 

Optimal solution found (tolerance 1.00e-04)
Best objective 0.000000000000e+00, best bound 0.000000000000e+00, gap 0.0000%
---------------------------------------------------------------------------

Multi-objectives: optimize objective 2 (min_total_latency) ...
---------------------------------------------------------------------------

Loaded user MIP start with objective 76300

Presolve removed 278888 rows and 118689 columns
Presolve time: 0.71s
Presolved: 24175 rows, 55824 columns, 379709 nonzeros
Variable types: 0 continuous, 55824 integer (55824 binary)
Performing another presolve...
Deterministic concurrent LP optimizer: primal and dual simplex
Showing primal log only...


Root simplex log...

Iteration    Objective       Primal Inf.    Dual Inf.      Time
       0    1.9800000e+04   2.800000e+01   3.486000e+09     34s

Solved with dual simplex

Root simplex log...

Iteration    Objective       Primal Inf.    Dual Inf.      Time
    2938    4.6700000e+04   0.000000e+00   0.000000e+00     34s

Root relaxation: objective 4.670000e+04, 2938 iterations, 0.42 seconds (0.39 work units)

    Nodes    |    Current Node    |     Objective Bounds      |     Work
 Expl Unexpl |  Obj  Depth IntInf | Incumbent    BestBd   Gap | It/Node Time

*    0     0               0    46700.000000 46700.0000  0.00%     -   33s

Explored 1 nodes (2938 simplex iterations) in 34.04 seconds (49.52 work units)
Thread count was 4 (of 4 available processors)

Solution count 2: 46700 76300 

Optimal solution found (tolerance 1.00e-04)
Best objective 4.670000000000e+04, best bound 4.670000000000e+04, gap 0.0000%

---------------------------------------------------------------------------
Multi-objectives: solved in 34.09 seconds (49.52 work units), solution count 3

[OK] Result saved to: ../data/solution/Nfsnet_14_21/orange_nfsnet_14_21_d60-b_solution.json
[SOLUTION] Basic resilient RSA
    affected K_Z    : [1, 5, 13, 27, 31, 37, 45, 46, 53, 55, 60]
    K_prime         : [1, 5, 13, 27, 31, 37, 45, 46, 53, 55, 60]
    migration_order : 1 -> 5 -> 13 -> 27 -> 31 -> 37 -> 45 -> 46 -> 53 -> 55 -> 60
    migrated_paths  : {'1': {'path': [13, 14, 11, 4, 2], 'start_slot': 69, 'last_slot': 71, 'slot_block': [69, 70, 71], 'selected_arcs': [[4, 2], [11, 4], [14, 11], [13, 14]]}, '5': {'path': [14, 11, 4, 2, 3], 'start_slot': 62, 'last_slot': 64, 'slot_block': [62, 63, 64], 'selected_arcs': [[2, 3], [4, 2], [11, 4], [14, 11]]}, '13': {'path': [3, 2, 4, 11, 14], 'start_slot': 75, 'last_slot': 77, 'slot_block': [75, 76, 77], 'selected_arcs': [[3, 2], [2, 4], [4, 11], [11, 14]]}, '27': {'path': [2, 4, 11, 14, 13], 'start_slot': 49, 'last_slot': 51, 'slot_block': [49, 50, 51], 'selected_arcs': [[2, 4], [4, 11], [11, 14], [14, 13]]}, '31': {'path': [3, 2, 4, 5, 6, 10], 'start_slot': 66, 'last_slot': 68, 'slot_block': [66, 67, 68], 'selected_arcs': [[3, 2], [2, 4], [4, 5], [5, 6], [6, 10]]}, '37': {'path': [3, 2, 4, 11, 12], 'start_slot': 72, 'last_slot': 74, 'slot_block': [72, 73, 74], 'selected_arcs': [[3, 2], [2, 4], [4, 11], [11, 12]]}, '45': {'path': [14, 11, 4, 2, 3], 'start_slot': 88, 'last_slot': 90, 'slot_block': [88, 89, 90], 'selected_arcs': [[2, 3], [4, 2], [11, 4], [14, 11]]}, '46': {'path': [12, 11, 4, 2], 'start_slot': 53, 'last_slot': 55, 'slot_block': [53, 54, 55], 'selected_arcs': [[4, 2], [11, 4], [12, 11]]}, '53': {'path': [2, 4, 5, 6], 'start_slot': 56, 'last_slot': 61, 'slot_block': [56, 57, 58, 59, 60, 61], 'selected_arcs': [[2, 4], [4, 5], [5, 6]]}, '55': {'path': [6, 5, 4, 2], 'start_slot': 79, 'last_slot': 84, 'slot_block': [79, 80, 81, 82, 83, 84], 'selected_arcs': [[4, 2], [5, 4], [6, 5]]}, '60': {'path': [10, 9, 8, 1], 'start_slot': 80, 'last_slot': 82, 'slot_block': [80, 81, 82], 'selected_arcs': [[8, 1], [9, 8], [10, 9]]}}
