[INFO] Instance loaded
    name            : oP_L1_5x_Teff_iGerman_17_26_d40_b_ofNLUS_f0_cd1_os1_gn0_b1_r0_cu0_p2
    nodes           : 17
    links           : 26
    demands         : 40
    nominal path    : 40
    plot type       : solve
    failure links   : [[8, 11]]
    affected K_Z    : [2, 6, 11, 20, 22, 29, 32, 35]
Set parameter Username
Set parameter LicenseID to value 2812610
Academic license - for non-commercial use only - expires 2027-04-23
Set parameter TimeLimit to value 600
Set parameter OutputFlag to value 1
Gurobi Optimizer version 13.0.1 build v13.0.1rc0 (linux64 - "Arch Linux")

CPU model: Intel(R) Core(TM) i5-6500 CPU @ 3.20GHz, instruction set [SSE2|AVX|AVX2]
Thread count: 4 physical cores, 4 logical processors, using up to 4 threads

Non-default parameters:
TimeLimit  600

Optimize a model with 586176 rows, 1239160 columns and 18075433 nonzeros (Min)
Model fingerprint: 0x449118cd
Model has 63665 linear objective coefficients
Variable types: 0 continuous, 1239160 integer (1239160 binary)
Coefficient statistics:
  Matrix range     [1e+00, 1e+00]
  Objective range  [1e+00, 4e+02]
  Bounds range     [1e+00, 1e+00]
  RHS range        [1e+00, 1e+00]


---------------------------------------------------------------------------
Multi-objectives: starting optimization (min) with 2 objectives... 
---------------------------------------------------------------------------

Multi-objectives: applying initial presolve...
---------------------------------------------------------------------------

Presolve removed 98886 rows and 188627 columns (presolve time = 5s)...
Presolve removed 104739 rows and 207123 columns (presolve time = 10s)...
Presolve removed 167681 rows and 309996 columns (presolve time = 15s)...
Presolve removed 172296 rows and 320670 columns (presolve time = 20s)...
Presolve removed 176088 rows and 327755 columns (presolve time = 25s)...
Presolve removed 176068 rows and 327747 columns
Presolve time: 28.60s
Presolved: 410108 rows, 911413 columns, 8548562 nonzeros
---------------------------------------------------------------------------

Multi-objectives: optimize objective 1 (min_additional_mig) ...
---------------------------------------------------------------------------

Found heuristic solution: objective 0.0000000

Explored 0 nodes (0 simplex iterations) in 29.28 seconds (68.38 work units)
Thread count was 1 (of 4 available processors)

Solution count 1: 0 

Optimal solution found (tolerance 1.00e-04)
Best objective 0.000000000000e+00, best bound 0.000000000000e+00, gap 0.0000%
---------------------------------------------------------------------------

Multi-objectives: optimize objective 2 (min_total_latency) ...
---------------------------------------------------------------------------

Loaded user MIP start with objective 12301

Presolve removed 138823 rows and 198481 columns (presolve time = 5s)...
Presolve removed 139008 rows and 198496 columns (presolve time = 10s)...
Presolve removed 139011 rows and 198496 columns
Presolve time: 11.22s
Presolved: 271098 rows, 712917 columns, 5786748 nonzeros
Variable types: 0 continuous, 712917 integer (712917 binary)
Deterministic concurrent LP optimizer: primal simplex, dual simplex, and barrier
Showing barrier log only...

Root barrier log...

Ordering time: 1.91s

Barrier performed 0 iterations in 47.26 seconds (93.63 work units)
Barrier solve interrupted - model solved by another algorithm


Solved with primal simplex

Root simplex log...

Iteration    Objective       Primal Inf.    Dual Inf.      Time
   35193    6.5210000e+03   0.000000e+00   0.000000e+00     48s

Root relaxation: objective 6.521000e+03, 35193 iterations, 6.72 seconds (7.23 work units)

    Nodes    |    Current Node    |     Objective Bounds      |     Work
 Expl Unexpl |  Obj  Depth IntInf | Incumbent    BestBd   Gap | It/Node Time

*    0     0               0    6521.0000000 6521.00000  0.00%     -   48s

Explored 1 nodes (35193 simplex iterations) in 48.14 seconds (93.60 work units)
Thread count was 4 (of 4 available processors)

Solution count 2: 6521 12301 

Optimal solution found (tolerance 1.00e-04)
Best objective 6.521000000000e+03, best bound 6.521000000000e+03, gap 0.0000%

---------------------------------------------------------------------------
Multi-objectives: solved in 48.28 seconds (93.60 work units), solution count 2

[OK] Result saved to: ../data/solution/German_17_26/orange_german_17_26_d40-b_solution.json
[SOLUTION] Basic resilient RSA
    affected K_Z    : [2, 6, 11, 20, 22, 29, 32, 35]
    K_prime         : [2, 6, 11, 20, 22, 29, 32, 35]
    migration_order : 2 -> 6 -> 11 -> 20 -> 22 -> 29 -> 32 -> 35
    migrated_paths  : {'2': {'path': [13, 10, 5, 9, 6, 7], 'start_slot': 594, 'last_slot': 599, 'slot_block': [594, 595, 596, 597, 598, 599], 'selected_arcs': [[5, 9], [10, 5], [6, 7], [9, 6], [13, 10]]}, '6': {'path': [16, 15, 14, 12, 11, 5, 9, 6], 'start_slot': 582, 'last_slot': 587, 'slot_block': [582, 583, 584, 585, 586, 587], 'selected_arcs': [[5, 9], [11, 5], [9, 6], [12, 11], [14, 12], [15, 14], [16, 15]]}, '11': {'path': [6, 9, 5, 10, 13, 17], 'start_slot': 55, 'last_slot': 60, 'slot_block': [55, 56, 57, 58, 59, 60], 'selected_arcs': [[9, 5], [5, 10], [6, 9], [10, 13], [13, 17]]}, '20': {'path': [8, 9, 5, 10, 13], 'start_slot': 588, 'last_slot': 593, 'slot_block': [588, 589, 590, 591, 592, 593], 'selected_arcs': [[9, 5], [5, 10], [8, 9], [10, 13]]}, '22': {'path': [14, 12, 11, 5, 9, 6], 'start_slot': 547, 'last_slot': 552, 'slot_block': [547, 548, 549, 550, 551, 552], 'selected_arcs': [[5, 9], [11, 5], [9, 6], [12, 11], [14, 12]]}, '29': {'path': [8, 9, 5, 11], 'start_slot': 539, 'last_slot': 544, 'slot_block': [539, 540, 541, 542, 543, 544], 'selected_arcs': [[9, 5], [5, 11], [8, 9]]}, '32': {'path': [17, 13, 10, 5, 9, 6, 7], 'start_slot': 49, 'last_slot': 54, 'slot_block': [49, 50, 51, 52, 53, 54], 'selected_arcs': [[5, 9], [10, 5], [6, 7], [9, 6], [13, 10], [17, 13]]}, '35': {'path': [13, 10, 5, 9, 6], 'start_slot': 576, 'last_slot': 581, 'slot_block': [576, 577, 578, 579, 580, 581], 'selected_arcs': [[5, 9], [10, 5], [9, 6], [13, 10]]}}
