[INFO] Instance loaded
    name            : oP_L1_5x_Teff_iEuropean_18_40_d90_b_ofNLUS_f0_cd1_os1_gn0_b1_r0_cu0_p2
    nodes           : 18
    links           : 40
    demands         : 90
    nominal path    : 90
    plot type       : solve
    failure links   : [[4, 12], [5, 18]]
    affected K_Z    : [2, 3, 6, 12, 13, 18, 29, 32, 39, 41, 54, 60, 64, 66, 69, 72, 79, 81, 82]
Set parameter Username
Set parameter LicenseID to value 2812610
Academic license - for non-commercial use only - expires 2027-04-23
Set parameter TimeLimit to value 1800
Set parameter OutputFlag to value 1
Gurobi Optimizer version 13.0.1 build v13.0.1rc0 (linux64 - "Arch Linux")

CPU model: Intel(R) Core(TM) i5-6500 CPU @ 3.20GHz, instruction set [SSE2|AVX|AVX2]
Thread count: 4 physical cores, 4 logical processors, using up to 4 threads

Non-default parameters:
TimeLimit  1800

Optimize a model with 1115718 rows, 945210 columns and 21129343 nonzeros (Min)
Model fingerprint: 0xca24aa76
Model has 42380 linear objective coefficients
Variable types: 0 continuous, 945210 integer (945210 binary)
Coefficient statistics:
  Matrix range     [1e+00, 1e+00]
  Objective range  [1e+00, 2e+03]
  Bounds range     [1e+00, 1e+00]
  RHS range        [1e+00, 1e+00]


---------------------------------------------------------------------------
Multi-objectives: starting optimization (min) with 2 objectives... 
---------------------------------------------------------------------------

Multi-objectives: applying initial presolve...
---------------------------------------------------------------------------

Presolve removed 79761 rows and 143286 columns (presolve time = 5s)...
Presolve removed 100775 rows and 143286 columns (presolve time = 10s)...
Presolve removed 100775 rows and 143286 columns (presolve time = 15s)...
Presolve removed 108286 rows and 151078 columns (presolve time = 20s)...
Presolve removed 108511 rows and 151084 columns (presolve time = 25s)...
Presolve removed 108589 rows and 151102 columns (presolve time = 30s)...
Presolve removed 108589 rows and 151102 columns (presolve time = 35s)...
Presolve removed 108589 rows and 151450 columns (presolve time = 40s)...
Presolve removed 118931 rows and 151450 columns (presolve time = 45s)...
Presolve removed 118931 rows and 151450 columns (presolve time = 50s)...
Presolve removed 118931 rows and 151450 columns (presolve time = 55s)...
Presolve removed 118898 rows and 151457 columns
Presolve time: 59.57s
Presolved: 996820 rows, 793753 columns, 9606001 nonzeros
---------------------------------------------------------------------------

Multi-objectives: optimize objective 1 (min_additional_mig) ...
---------------------------------------------------------------------------

Found heuristic solution: objective 1.0000000
Presolve removed 89 rows and 279 columns (presolve time = 5s)...
Presolve removed 89 rows and 279 columns (presolve time = 10s)...
Presolve removed 92 rows and 279 columns (presolve time = 15s)...
Presolve removed 92 rows and 280 columns (presolve time = 20s)...
Presolve removed 92 rows and 280 columns (presolve time = 25s)...
Presolve removed 92 rows and 280 columns
Presolve time: 27.87s
Presolved: 996728 rows, 793473 columns, 9603078 nonzeros
Variable types: 0 continuous, 793473 integer (793473 binary)
Deterministic concurrent LP optimizer: primal simplex, dual simplex, and barrier
Showing barrier log only...

Root barrier log...

Ordering time: 0.29s

Barrier performed 0 iterations in 109.04 seconds (241.73 work units)
Barrier solve interrupted - model solved by another algorithm

Concurrent spin time: 0.00s

Solved with dual simplex

Root simplex log...

Iteration    Objective       Primal Inf.    Dual Inf.      Time
    2486    0.0000000e+00   0.000000e+00   0.000000e+00    109s

Use crossover to convert LP symmetric solution to basic solution...

Root crossover log...

      11 PPushes remaining with PInf 0.0000000e+00               109s
       0 PPushes remaining with PInf 0.0000000e+00               109s

  Push phase complete: Pinf 0.0000000e+00, Dinf 0.0000000e+00    109s


Root simplex log...

Iteration    Objective       Primal Inf.    Dual Inf.      Time
    2500    0.0000000e+00   0.000000e+00   0.000000e+00    109s
Crossover time: 0.24 seconds (0.20 work units)

Root relaxation: objective 0.000000e+00, 2500 iterations, 3.18 seconds (3.68 work units)

    Nodes    |    Current Node    |     Objective Bounds      |     Work
 Expl Unexpl |  Obj  Depth IntInf | Incumbent    BestBd   Gap | It/Node Time

     0     0    0.00000    0    4    1.00000    0.00000   100%     -  109s
H    0     0                       0.0000000    0.00000  0.00%     -  109s
     0     0    0.00000    0    4    0.00000    0.00000  0.00%     -  109s

Explored 1 nodes (2500 simplex iterations) in 109.83 seconds (242.09 work units)
Thread count was 4 (of 4 available processors)

Solution count 2: 0 1 

Optimal solution found (tolerance 1.00e-04)
Best objective 0.000000000000e+00, best bound 0.000000000000e+00, gap 0.0000%
---------------------------------------------------------------------------

Multi-objectives: optimize objective 2 (min_total_latency) ...
---------------------------------------------------------------------------

Loaded user MIP start with objective 54368

Presolve removed 864655 rows and 351769 columns
Presolve time: 2.61s
Presolved: 132166 rows, 441984 columns, 3476326 nonzeros
Variable types: 0 continuous, 441984 integer (441984 binary)
Performing another presolve...
Deterministic concurrent LP optimizer: primal simplex, dual simplex, and barrier
Showing barrier log only...

Root barrier log...

Ordering time: 1.56s

Barrier performed 0 iterations in 123.82 seconds (258.35 work units)
Barrier solve interrupted - model solved by another algorithm


Solved with dual simplex

Root simplex log...

Iteration    Objective       Primal Inf.    Dual Inf.      Time
   12360    3.4888000e+04   0.000000e+00   0.000000e+00    124s

Use crossover to convert LP symmetric solution to basic solution...

Root crossover log...

       0 DPushes remaining with DInf 0.0000000e+00               124s

       7 PPushes remaining with PInf 0.0000000e+00               124s
       0 PPushes remaining with PInf 0.0000000e+00               124s

  Push phase complete: Pinf 0.0000000e+00, Dinf 0.0000000e+00    124s


Root simplex log...

Iteration    Objective       Primal Inf.    Dual Inf.      Time
   15377    3.4888000e+04   0.000000e+00   0.000000e+00    124s
Crossover time: 0.14 seconds (0.13 work units)

Root relaxation: objective 3.488800e+04, 15377 iterations, 4.17 seconds (4.60 work units)

    Nodes    |    Current Node    |     Objective Bounds      |     Work
 Expl Unexpl |  Obj  Depth IntInf | Incumbent    BestBd   Gap | It/Node Time

*    0     0               0    34888.000000 34888.0000  0.00%     -  124s

Explored 1 nodes (15377 simplex iterations) in 124.16 seconds (258.51 work units)
Thread count was 4 (of 4 available processors)

Solution count 2: 34888 54368 

Optimal solution found (tolerance 1.00e-04)
Best objective 3.488800000000e+04, best bound 3.488800000000e+04, gap 0.0000%

---------------------------------------------------------------------------
Multi-objectives: solved in 124.36 seconds (258.51 work units), solution count 3

[OK] Result saved to: ../data/solution/European_18_40_z2/orange_european_18_40_d90-b_z2_solution.json
[SOLUTION] Basic resilient RSA
    affected K_Z    : [2, 3, 6, 12, 13, 18, 29, 32, 39, 41, 54, 60, 64, 66, 69, 72, 79, 81, 82]
    K_prime         : [2, 3, 6, 12, 13, 18, 29, 32, 39, 41, 54, 60, 64, 66, 69, 72, 79, 81, 82]
    migration_order : 2 -> 3 -> 6 -> 12 -> 13 -> 18 -> 29 -> 32 -> 39 -> 41 -> 54 -> 60 -> 64 -> 66 -> 69 -> 72 -> 79 -> 81 -> 82
    migrated_paths  : {'2': {'path': [18, 1, 15, 9, 2, 16], 'start_slot': 57, 'last_slot': 62, 'slot_block': [57, 58, 59, 60, 61, 62], 'selected_arcs': [[1, 15], [18, 1], [9, 2], [2, 16], [15, 9]]}, '3': {'path': [12, 13, 4, 16, 11], 'start_slot': 119, 'last_slot': 121, 'slot_block': [119, 120, 121], 'selected_arcs': [[13, 4], [4, 16], [16, 11], [12, 13]]}, '6': {'path': [2, 4, 13, 12], 'start_slot': 80, 'last_slot': 85, 'slot_block': [80, 81, 82, 83, 84, 85], 'selected_arcs': [[2, 4], [4, 13], [13, 12]]}, '12': {'path': [18, 1, 15, 9], 'start_slot': 63, 'last_slot': 68, 'slot_block': [63, 64, 65, 66, 67, 68], 'selected_arcs': [[1, 15], [18, 1], [15, 9]]}, '13': {'path': [7, 16, 2, 9, 15, 17, 14], 'start_slot': 92, 'last_slot': 94, 'slot_block': [92, 93, 94], 'selected_arcs': [[2, 9], [16, 2], [7, 16], [9, 15], [17, 14], [15, 17]]}, '18': {'path': [5, 9, 4, 13, 12], 'start_slot': 62, 'last_slot': 67, 'slot_block': [62, 63, 64, 65, 66, 67], 'selected_arcs': [[9, 4], [4, 13], [5, 9], [13, 12]]}, '29': {'path': [3, 5, 10], 'start_slot': 78, 'last_slot': 83, 'slot_block': [78, 79, 80, 81, 82, 83], 'selected_arcs': [[3, 5], [5, 10]]}, '32': {'path': [10, 5, 3], 'start_slot': 124, 'last_slot': 129, 'slot_block': [124, 125, 126, 127, 128, 129], 'selected_arcs': [[5, 3], [10, 5]]}, '39': {'path': [11, 16, 4, 13, 12], 'start_slot': 92, 'last_slot': 94, 'slot_block': [92, 93, 94], 'selected_arcs': [[4, 13], [16, 4], [11, 16], [13, 12]]}, '41': {'path': [4, 13, 12], 'start_slot': 43, 'last_slot': 48, 'slot_block': [43, 44, 45, 46, 47, 48], 'selected_arcs': [[4, 13], [13, 12]]}, '54': {'path': [18, 1, 5], 'start_slot': 72, 'last_slot': 77, 'slot_block': [72, 73, 74, 75, 76, 77], 'selected_arcs': [[1, 5], [18, 1]]}, '60': {'path': [3, 5, 9], 'start_slot': 84, 'last_slot': 89, 'slot_block': [84, 85, 86, 87, 88, 89], 'selected_arcs': [[3, 5], [5, 9]]}, '64': {'path': [11, 16, 4, 13, 12], 'start_slot': 123, 'last_slot': 125, 'slot_block': [123, 124, 125], 'selected_arcs': [[4, 13], [16, 4], [11, 16], [13, 12]]}, '66': {'path': [12, 13, 4, 2, 10], 'start_slot': 71, 'last_slot': 76, 'slot_block': [71, 72, 73, 74, 75, 76], 'selected_arcs': [[4, 2], [2, 10], [13, 4], [12, 13]]}, '69': {'path': [9, 15, 1, 18], 'start_slot': 100, 'last_slot': 105, 'slot_block': [100, 101, 102, 103, 104, 105], 'selected_arcs': [[15, 1], [1, 18], [9, 15]]}, '72': {'path': [18, 1, 15, 9, 2], 'start_slot': 128, 'last_slot': 133, 'slot_block': [128, 129, 130, 131, 132, 133], 'selected_arcs': [[1, 15], [18, 1], [9, 2], [15, 9]]}, '79': {'path': [14, 17, 15, 9, 2, 16, 7], 'start_slot': 69, 'last_slot': 71, 'slot_block': [69, 70, 71], 'selected_arcs': [[9, 2], [2, 16], [16, 7], [15, 9], [14, 17], [17, 15]]}, '81': {'path': [9, 15, 1, 18], 'start_slot': 79, 'last_slot': 84, 'slot_block': [79, 80, 81, 82, 83, 84], 'selected_arcs': [[15, 1], [1, 18], [9, 15]]}, '82': {'path': [10, 2, 4, 13, 12], 'start_slot': 86, 'last_slot': 91, 'slot_block': [86, 87, 88, 89, 90, 91], 'selected_arcs': [[2, 4], [10, 2], [4, 13], [13, 12]]}}
