[INFO] Instance loaded
    name            : oP_L1_5x_Teff_iEuropean_18_40_d40_b_ofNLUS_f0_cd1_os1_gn0_b1_r0_cu0_p2
    nodes           : 18
    links           : 40
    demands         : 40
    nominal path    : 40
    plot type       : solve
    failure links   : [[2, 4], [4, 7]]
    affected K_Z    : [3, 4, 5, 7, 17, 34, 35]
Set parameter Username
Set parameter LicenseID to value 2812610
Academic license - for non-commercial use only - expires 2027-04-23
Set parameter TimeLimit to value 600
Set parameter OutputFlag to value 1
Gurobi Optimizer version 13.0.1 build v13.0.1rc0 (linux64 - "Arch Linux")

CPU model: Intel(R) Core(TM) i5-6500 CPU @ 3.20GHz, instruction set [SSE2|AVX|AVX2]
Thread count: 4 physical cores, 4 logical processors, using up to 4 threads

Non-default parameters:
TimeLimit  600

Optimize a model with 139152 rows, 177560 columns and 2677492 nonzeros (Min)
Model fingerprint: 0x4ab32771
Model has 7480 linear objective coefficients
Variable types: 0 continuous, 177560 integer (177560 binary)
Coefficient statistics:
  Matrix range     [1e+00, 1e+00]
  Objective range  [1e+00, 2e+03]
  Bounds range     [1e+00, 1e+00]
  RHS range        [1e+00, 1e+00]


---------------------------------------------------------------------------
Multi-objectives: starting optimization (min) with 2 objectives... 
---------------------------------------------------------------------------

Multi-objectives: applying initial presolve...
---------------------------------------------------------------------------

Presolve removed 23012 rows and 27687 columns
Presolve time: 3.75s
Presolved: 116140 rows, 149873 columns, 1522705 nonzeros
---------------------------------------------------------------------------

Multi-objectives: optimize objective 1 (min_additional_mig) ...
---------------------------------------------------------------------------

Found heuristic solution: objective 0.0000000

Explored 0 nodes (0 simplex iterations) in 3.87 seconds (8.26 work units)
Thread count was 1 (of 4 available processors)

Solution count 1: 0 

Optimal solution found (tolerance 1.00e-04)
Best objective 0.000000000000e+00, best bound 0.000000000000e+00, gap 0.0000%
---------------------------------------------------------------------------

Multi-objectives: optimize objective 2 (min_total_latency) ...
---------------------------------------------------------------------------

Loaded user MIP start with objective 24503

Presolve removed 92673 rows and 66596 columns
Presolve time: 1.59s
Presolved: 23468 rows, 83277 columns, 597360 nonzeros
Variable types: 0 continuous, 83277 integer (83277 binary)
Deterministic concurrent LP optimizer: primal simplex, dual simplex, and barrier
Showing barrier log only...

Root barrier log...

Ordering time: 0.04s

Barrier performed 0 iterations in 5.86 seconds (11.25 work units)
Barrier solve interrupted - model solved by another algorithm


Solved with primal simplex

Root simplex log...

Iteration    Objective       Primal Inf.    Dual Inf.      Time
    2626    1.1293000e+04   0.000000e+00   0.000000e+00      6s

Use crossover to convert LP symmetric solution to basic solution...

Root crossover log...

       0 DPushes remaining with DInf 0.0000000e+00                 6s

       0 PPushes remaining with PInf 0.0000000e+00                 6s

  Push phase complete: Pinf 0.0000000e+00, Dinf 0.0000000e+00      6s


Root simplex log...

Iteration    Objective       Primal Inf.    Dual Inf.      Time
    2701    1.1293000e+04   0.000000e+00   0.000000e+00      6s
Crossover time: 0.02 seconds (0.01 work units)
    2701    1.1293000e+04   0.000000e+00   0.000000e+00      6s

Root relaxation: objective 1.129300e+04, 2701 iterations, 0.37 seconds (0.48 work units)

    Nodes    |    Current Node    |     Objective Bounds      |     Work
 Expl Unexpl |  Obj  Depth IntInf | Incumbent    BestBd   Gap | It/Node Time

*    0     0               0    11293.000000 11293.0000  0.00%     -    5s

Explored 1 nodes (2701 simplex iterations) in 6.04 seconds (11.27 work units)
Thread count was 4 (of 4 available processors)

Solution count 2: 11293 24503 

Optimal solution found (tolerance 1.00e-04)
Best objective 1.129300000000e+04, best bound 1.129300000000e+04, gap 0.0000%

---------------------------------------------------------------------------
Multi-objectives: solved in 6.06 seconds (11.27 work units), solution count 2

[OK] Result saved to: ../data/solution/European_18_40_z2/orange_european_18_40_d40-b_z2_solution.json
[SOLUTION] Basic resilient RSA
    affected K_Z    : [3, 4, 5, 7, 17, 34, 35]
    K_prime         : [3, 4, 5, 7, 17, 34, 35]
    migration_order : 3 -> 4 -> 5 -> 7 -> 17 -> 34 -> 35
    migrated_paths  : {'3': {'path': [12, 4, 9, 5], 'start_slot': 55, 'last_slot': 60, 'slot_block': [55, 56, 57, 58, 59, 60], 'selected_arcs': [[4, 9], [12, 4], [9, 5]]}, '4': {'path': [7, 16, 10], 'start_slot': 26, 'last_slot': 31, 'slot_block': [26, 27, 28, 29, 30, 31], 'selected_arcs': [[7, 16], [16, 10]]}, '5': {'path': [6, 3, 5, 9, 4], 'start_slot': 29, 'last_slot': 34, 'slot_block': [29, 30, 31, 32, 33, 34], 'selected_arcs': [[3, 5], [6, 3], [9, 4], [5, 9]]}, '7': {'path': [10, 9, 4, 13], 'start_slot': 39, 'last_slot': 44, 'slot_block': [39, 40, 41, 42, 43, 44], 'selected_arcs': [[9, 4], [4, 13], [10, 9]]}, '17': {'path': [17, 15, 9, 2, 16, 7], 'start_slot': 49, 'last_slot': 54, 'slot_block': [49, 50, 51, 52, 53, 54], 'selected_arcs': [[9, 2], [2, 16], [16, 7], [15, 9], [17, 15]]}, '34': {'path': [7, 16, 2], 'start_slot': 55, 'last_slot': 60, 'slot_block': [55, 56, 57, 58, 59, 60], 'selected_arcs': [[16, 2], [7, 16]]}, '35': {'path': [12, 4, 9, 10], 'start_slot': 20, 'last_slot': 25, 'slot_block': [20, 21, 22, 23, 24, 25], 'selected_arcs': [[4, 9], [12, 4], [9, 10]]}}
