[INFO] Instance loaded
    name            : oP_L1_5x_Teff_iEuropean_18_40_d30_b_ofNLUS_f0_cd1_os1_gn0_b1_r0_cu0_p2
    nodes           : 18
    links           : 40
    demands         : 30
    nominal path    : 30
    plot type       : solve
    failure links   : [[1, 17], [9, 15]]
    affected K_Z    : [1, 4, 8, 10, 14, 21, 22, 26, 27]
Set parameter Username
Set parameter LicenseID to value 2812610
Academic license - for non-commercial use only - expires 2027-04-23
Set parameter TimeLimit to value 600
Set parameter OutputFlag to value 1
Gurobi Optimizer version 13.0.1 build v13.0.1rc0 (linux64 - "Arch Linux")

CPU model: Intel(R) Core(TM) i5-6500 CPU @ 3.20GHz, instruction set [SSE2|AVX|AVX2]
Thread count: 4 physical cores, 4 logical processors, using up to 4 threads

Non-default parameters:
TimeLimit  600

Optimize a model with 69189 rows, 96870 columns and 1393986 nonzeros (Min)
Model fingerprint: 0x526207f1
Model has 3800 linear objective coefficients
Variable types: 0 continuous, 96870 integer (96870 binary)
Coefficient statistics:
  Matrix range     [1e+00, 1e+00]
  Objective range  [1e+00, 2e+03]
  Bounds range     [1e+00, 1e+00]
  RHS range        [1e+00, 1e+00]


---------------------------------------------------------------------------
Multi-objectives: starting optimization (min) with 2 objectives... 
---------------------------------------------------------------------------

Multi-objectives: applying initial presolve...
---------------------------------------------------------------------------

Presolve removed 14185 rows and 15140 columns
Presolve time: 1.97s
Presolved: 55004 rows, 81730 columns, 781009 nonzeros
---------------------------------------------------------------------------

Multi-objectives: optimize objective 1 (min_additional_mig) ...
---------------------------------------------------------------------------

Presolve removed 1008 rows and 78 columns
Presolve time: 1.79s
Presolved: 53996 rows, 81652 columns, 778855 nonzeros
Variable types: 0 continuous, 81652 integer (81652 binary)
Deterministic concurrent LP optimizer: primal simplex, dual simplex, and barrier
Showing barrier log only...

Root barrier log...


Barrier performed 0 iterations in 4.66 seconds (8.09 work units)
Barrier solve interrupted - model solved by another algorithm

Concurrent spin time: 0.18s (can be avoided by choosing Method=3)

Solved with primal simplex

Root relaxation: objective 0.000000e+00, 552 iterations, 0.65 seconds (0.43 work units)

    Nodes    |    Current Node    |     Objective Bounds      |     Work
 Expl Unexpl |  Obj  Depth IntInf | Incumbent    BestBd   Gap | It/Node Time

*    0     0               0       0.0000000    0.00000  0.00%     -    4s

Explored 1 nodes (552 simplex iterations) in 4.78 seconds (8.11 work units)
Thread count was 4 (of 4 available processors)

Solution count 1: 0 

Optimal solution found (tolerance 1.00e-04)
Best objective 0.000000000000e+00, best bound 0.000000000000e+00, gap 0.0000%
---------------------------------------------------------------------------

Multi-objectives: optimize objective 2 (min_total_latency) ...
---------------------------------------------------------------------------

Loaded user MIP start with objective 18219

Presolve removed 40405 rows and 38663 columns
Presolve time: 0.98s
Presolved: 14600 rows, 43067 columns, 301940 nonzeros
Variable types: 0 continuous, 43067 integer (43067 binary)
Deterministic concurrent LP optimizer: primal and dual simplex
Showing primal log only...


Root simplex log...

Iteration    Objective       Primal Inf.    Dual Inf.      Time
       0    1.4957000e+04   1.700000e+01   2.528108e+09      6s

Solved with dual simplex

Root simplex log...

Iteration    Objective       Primal Inf.    Dual Inf.      Time
    1693    1.4469000e+04   0.000000e+00   0.000000e+00      6s

Use crossover to convert LP symmetric solution to basic solution...

Root crossover log...

       0 DPushes remaining with DInf 0.0000000e+00                 6s

      24 PPushes remaining with PInf 0.0000000e+00                 6s
       0 PPushes remaining with PInf 0.0000000e+00                 6s

  Push phase complete: Pinf 0.0000000e+00, Dinf 0.0000000e+00      6s


Root simplex log...

Iteration    Objective       Primal Inf.    Dual Inf.      Time
    1954    1.4469000e+04   0.000000e+00   0.000000e+00      6s
Crossover time: 0.01 seconds (0.01 work units)
    1954    1.4469000e+04   0.000000e+00   0.000000e+00      6s

Root relaxation: objective 1.446900e+04, 1954 iterations, 0.28 seconds (0.32 work units)

    Nodes    |    Current Node    |     Objective Bounds      |     Work
 Expl Unexpl |  Obj  Depth IntInf | Incumbent    BestBd   Gap | It/Node Time

*    0     0               0    14469.000000 14469.0000  0.00%     -    6s

Explored 1 nodes (2058 simplex iterations) in 6.20 seconds (10.02 work units)
Thread count was 4 (of 4 available processors)

Solution count 2: 14469 18219 

Optimal solution found (tolerance 1.00e-04)
Best objective 1.446900000000e+04, best bound 1.446900000000e+04, gap 0.0000%

---------------------------------------------------------------------------
Multi-objectives: solved in 6.21 seconds (10.02 work units), solution count 2

[OK] Result saved to: ../data/solution/European_18_40_z2/orange_european_18_40_d30-b_z2_solution.json
[SOLUTION] Basic resilient RSA
    affected K_Z    : [1, 4, 8, 10, 14, 21, 22, 26, 27]
    K_prime         : [1, 4, 8, 10, 14, 21, 22, 26, 27]
    migration_order : 1 -> 4 -> 10 -> 14 -> 21 -> 22 -> 27 -> 8 -> 26
    migrated_paths  : {'1': {'path': [15, 4, 2], 'start_slot': 18, 'last_slot': 23, 'slot_block': [18, 19, 20, 21, 22, 23], 'selected_arcs': [[4, 2], [15, 4]]}, '4': {'path': [11, 3, 5, 1, 15, 17], 'start_slot': 34, 'last_slot': 39, 'slot_block': [34, 35, 36, 37, 38, 39], 'selected_arcs': [[5, 1], [1, 15], [3, 5], [11, 3], [15, 17]]}, '8': {'path': [17, 15, 1, 18], 'start_slot': 14, 'last_slot': 19, 'slot_block': [14, 15, 16, 17, 18, 19], 'selected_arcs': [[15, 1], [1, 18], [17, 15]]}, '10': {'path': [17, 15, 4, 2, 10], 'start_slot': 40, 'last_slot': 45, 'slot_block': [40, 41, 42, 43, 44, 45], 'selected_arcs': [[4, 2], [2, 10], [15, 4], [17, 15]]}, '14': {'path': [8, 15, 4, 2, 10], 'start_slot': 34, 'last_slot': 39, 'slot_block': [34, 35, 36, 37, 38, 39], 'selected_arcs': [[4, 2], [2, 10], [15, 4], [8, 15]]}, '21': {'path': [18, 1, 15, 17], 'start_slot': 26, 'last_slot': 31, 'slot_block': [26, 27, 28, 29, 30, 31], 'selected_arcs': [[1, 15], [18, 1], [15, 17]]}, '22': {'path': [17, 15, 1, 5, 3], 'start_slot': 20, 'last_slot': 25, 'slot_block': [20, 21, 22, 23, 24, 25], 'selected_arcs': [[1, 5], [15, 1], [5, 3], [17, 15]]}, '26': {'path': [17, 15, 1, 18], 'start_slot': 8, 'last_slot': 13, 'slot_block': [8, 9, 10, 11, 12, 13], 'selected_arcs': [[15, 1], [1, 18], [17, 15]]}, '27': {'path': [10, 2, 4, 15], 'start_slot': 26, 'last_slot': 31, 'slot_block': [26, 27, 28, 29, 30, 31], 'selected_arcs': [[2, 4], [10, 2], [4, 15]]}}
