[INFO] Instance loaded
    name            : oP_L1_5x_Teff_iEuropean_18_40_d20_b_ofNLUS_f0_cd1_os1_gn0_b1_r0_cu0_p2
    nodes           : 18
    links           : 40
    demands         : 20
    nominal path    : 20
    plot type       : solve
    failure links   : [[3, 6], [3, 5]]
    affected K_Z    : [6, 11, 12, 16, 18]
Set parameter Username
Set parameter LicenseID to value 2812610
Academic license - for non-commercial use only - expires 2027-04-23
Set parameter TimeLimit to value 600
Set parameter OutputFlag to value 1
Gurobi Optimizer version 13.0.1 build v13.0.1rc0 (linux64 - "Arch Linux")

CPU model: Intel(R) Core(TM) i5-6500 CPU @ 3.20GHz, instruction set [SSE2|AVX|AVX2]
Thread count: 4 physical cores, 4 logical processors, using up to 4 threads

Non-default parameters:
TimeLimit  600

Optimize a model with 25184 rows, 40380 columns and 504242 nonzeros (Min)
Model fingerprint: 0x9e33971a
Model has 1675 linear objective coefficients
Variable types: 0 continuous, 40380 integer (40380 binary)
Coefficient statistics:
  Matrix range     [1e+00, 1e+00]
  Objective range  [1e+00, 2e+03]
  Bounds range     [1e+00, 1e+00]
  RHS range        [1e+00, 1e+00]


---------------------------------------------------------------------------
Multi-objectives: starting optimization (min) with 2 objectives... 
---------------------------------------------------------------------------

Multi-objectives: applying initial presolve...
---------------------------------------------------------------------------

Presolve removed 7079 rows and 6916 columns
Presolve time: 0.63s
Presolved: 18105 rows, 33464 columns, 273339 nonzeros
---------------------------------------------------------------------------

Multi-objectives: optimize objective 1 (min_additional_mig) ...
---------------------------------------------------------------------------

Found heuristic solution: objective 5.0000000
Presolve removed 465 rows and 52 columns
Presolve time: 0.50s
Presolved: 17640 rows, 33412 columns, 272394 nonzeros
Variable types: 0 continuous, 33412 integer (33412 binary)
Deterministic concurrent LP optimizer: primal and dual simplex
Showing primal log only...

Concurrent spin time: 0.00s

Solved with dual simplex

Root relaxation: objective 0.000000e+00, 91 iterations, 0.15 seconds (0.15 work units)

    Nodes    |    Current Node    |     Objective Bounds      |     Work
 Expl Unexpl |  Obj  Depth IntInf | Incumbent    BestBd   Gap | It/Node Time

*    0     0               0       0.0000000    0.00000  0.00%     -    1s

Explored 1 nodes (91 simplex iterations) in 1.43 seconds (2.22 work units)
Thread count was 4 (of 4 available processors)

Solution count 2: 0 5 

Optimal solution found (tolerance 1.00e-04)
Best objective 0.000000000000e+00, best bound 0.000000000000e+00, gap 0.0000%
---------------------------------------------------------------------------

Multi-objectives: optimize objective 2 (min_total_latency) ...
---------------------------------------------------------------------------

Loaded user MIP start with objective 19256

Presolve removed 11772 rows and 13760 columns
Presolve time: 0.34s
Presolved: 6334 rows, 19704 columns, 127072 nonzeros
Variable types: 0 continuous, 19704 integer (19704 binary)
Deterministic concurrent LP optimizer: primal and dual simplex
Showing primal log only...


Solved with dual simplex

Use crossover to convert LP symmetric solution to basic solution...
Crossover time: 0.01 seconds (0.00 work units)

Root relaxation: objective 6.910000e+03, 503 iterations, 0.09 seconds (0.11 work units)

    Nodes    |    Current Node    |     Objective Bounds      |     Work
 Expl Unexpl |  Obj  Depth IntInf | Incumbent    BestBd   Gap | It/Node Time

*    0     0               0    6910.0000000 6910.00000  0.00%     -    1s

Explored 1 nodes (503 simplex iterations) in 1.93 seconds (2.85 work units)
Thread count was 4 (of 4 available processors)

Solution count 2: 6910 19256 

Optimal solution found (tolerance 1.00e-04)
Best objective 6.910000000000e+03, best bound 6.910000000000e+03, gap 0.0000%

---------------------------------------------------------------------------
Multi-objectives: solved in 1.93 seconds (2.85 work units), solution count 3

[OK] Result saved to: ../data/solution/European_18_40_z2/orange_european_18_40_d20-b_z2_solution.json
[SOLUTION] Basic resilient RSA
    affected K_Z    : [6, 11, 12, 16, 18]
    K_prime         : [6, 11, 12, 16, 18]
    migration_order : 11 -> 12 -> 16 -> 18 -> 6
    migrated_paths  : {'6': {'path': [3, 11, 6], 'start_slot': 25, 'last_slot': 30, 'slot_block': [25, 26, 27, 28, 29, 30], 'selected_arcs': [[3, 11], [11, 6]]}, '11': {'path': [2, 16, 11, 6], 'start_slot': 13, 'last_slot': 18, 'slot_block': [13, 14, 15, 16, 17, 18], 'selected_arcs': [[2, 16], [11, 6], [16, 11]]}, '12': {'path': [2, 5, 18, 3], 'start_slot': 25, 'last_slot': 30, 'slot_block': [25, 26, 27, 28, 29, 30], 'selected_arcs': [[2, 5], [18, 3], [5, 18]]}, '16': {'path': [9, 2, 16, 11], 'start_slot': 22, 'last_slot': 27, 'slot_block': [22, 23, 24, 25, 26, 27], 'selected_arcs': [[9, 2], [2, 16], [16, 11]]}, '18': {'path': [3, 11, 6], 'start_slot': 19, 'last_slot': 24, 'slot_block': [19, 20, 21, 22, 23, 24], 'selected_arcs': [[3, 11], [11, 6]]}}
