[INFO] Instance loaded
    name            : oP_L1_5x_Teff_iEuropean_18_40_d50_b_ofNLUS_f0_cd1_os1_gn0_b1_r0_cu0_p2
    nodes           : 18
    links           : 40
    demands         : 50
    nominal path    : 50
    plot type       : solve
    failure links   : [[11, 16]]
    affected K_Z    : [1, 14, 34, 44, 48]
Set parameter Username
Set parameter LicenseID to value 2812610
Academic license - for non-commercial use only - expires 2027-04-23
Set parameter TimeLimit to value 300
Set parameter OutputFlag to value 1
Gurobi Optimizer version 13.0.1 build v13.0.1rc0 (linux64 - "Arch Linux")

CPU model: Intel(R) Core(TM) i5-6500 CPU @ 3.20GHz, instruction set [SSE2|AVX|AVX2]
Thread count: 4 physical cores, 4 logical processors, using up to 4 threads

Non-default parameters:
TimeLimit  300

Optimize a model with 236647 rows, 282690 columns and 4754275 nonzeros (Min)
Model fingerprint: 0x8fdf0487
Model has 13802 linear objective coefficients
Variable types: 0 continuous, 282690 integer (282690 binary)
Coefficient statistics:
  Matrix range     [1e+00, 1e+00]
  Objective range  [1e+00, 2e+03]
  Bounds range     [1e+00, 1e+00]
  RHS range        [1e+00, 1e+00]


---------------------------------------------------------------------------
Multi-objectives: starting optimization (min) with 2 objectives... 
---------------------------------------------------------------------------

Multi-objectives: applying initial presolve...
---------------------------------------------------------------------------

Presolve removed 26292 rows and 38210 columns (presolve time = 5s)...
Presolve removed 29901 rows and 38320 columns (presolve time = 10s)...
Presolve removed 29857 rows and 38275 columns
Presolve time: 12.45s
Presolved: 206790 rows, 244415 columns, 2664747 nonzeros
---------------------------------------------------------------------------

Multi-objectives: optimize objective 1 (min_additional_mig) ...
---------------------------------------------------------------------------

Found heuristic solution: objective 7.0000000
Presolve removed 2 rows and 47 columns (presolve time = 5s)...
Presolve removed 2 rows and 47 columns
Presolve time: 6.48s
Presolved: 206788 rows, 244368 columns, 2663744 nonzeros
Variable types: 0 continuous, 244368 integer (244368 binary)
Deterministic concurrent LP optimizer: primal simplex, dual simplex, and barrier
Showing barrier log only...

Root barrier log...


Barrier performed 0 iterations in 21.22 seconds (38.54 work units)
Barrier solve interrupted - model solved by another algorithm

Concurrent spin time: 0.03s

Solved with dual simplex

Root simplex log...

Iteration    Objective       Primal Inf.    Dual Inf.      Time
     116    0.0000000e+00   0.000000e+00   0.000000e+00     21s

Root relaxation: objective 0.000000e+00, 116 iterations, 1.75 seconds (1.62 work units)

    Nodes    |    Current Node    |     Objective Bounds      |     Work
 Expl Unexpl |  Obj  Depth IntInf | Incumbent    BestBd   Gap | It/Node Time

*    0     0               0       0.0000000    0.00000  0.00%     -   21s

Explored 1 nodes (116 simplex iterations) in 21.39 seconds (38.61 work units)
Thread count was 4 (of 4 available processors)

Solution count 2: 0 7 

Optimal solution found (tolerance 1.00e-04)
Best objective 0.000000000000e+00, best bound 0.000000000000e+00, gap 0.0000%
---------------------------------------------------------------------------

Multi-objectives: optimize objective 2 (min_total_latency) ...
---------------------------------------------------------------------------

Loaded user MIP start with objective 16976

Presolve removed 169744 rows and 110787 columns
Presolve time: 2.83s
Presolved: 37047 rows, 133628 columns, 1035098 nonzeros
Variable types: 0 continuous, 133628 integer (133628 binary)
Deterministic concurrent LP optimizer: primal simplex, dual simplex, and barrier
Showing barrier log only...

Root barrier log...

Ordering time: 0.17s

Barrier performed 0 iterations in 25.18 seconds (43.45 work units)
Barrier solve interrupted - model solved by another algorithm


Solved with primal simplex

Root simplex log...

Iteration    Objective       Primal Inf.    Dual Inf.      Time
    3997    1.0062000e+04   0.000000e+00   0.000000e+00     25s

Use crossover to convert LP symmetric solution to basic solution...

Root crossover log...

   31912 DPushes remaining with DInf 0.0000000e+00                25s
       0 DPushes remaining with DInf 0.0000000e+00                25s

       0 PPushes remaining with PInf 0.0000000e+00                25s

  Push phase complete: Pinf 0.0000000e+00, Dinf 0.0000000e+00     25s


Root simplex log...

Iteration    Objective       Primal Inf.    Dual Inf.      Time
    4008    1.0062000e+04   0.000000e+00   0.000000e+00     25s
Crossover time: 0.04 seconds (0.03 work units)

Root relaxation: objective 1.006200e+04, 4008 iterations, 0.87 seconds (0.88 work units)

    Nodes    |    Current Node    |     Objective Bounds      |     Work
 Expl Unexpl |  Obj  Depth IntInf | Incumbent    BestBd   Gap | It/Node Time

*    0     0               0    10062.000000 10062.0000  0.00%     -   25s

Explored 1 nodes (4008 simplex iterations) in 25.27 seconds (43.48 work units)
Thread count was 4 (of 4 available processors)

Solution count 2: 10062 16976 

Optimal solution found (tolerance 1.00e-04)
Best objective 1.006200000000e+04, best bound 1.006200000000e+04, gap 0.0000%

---------------------------------------------------------------------------
Multi-objectives: solved in 25.32 seconds (43.48 work units), solution count 3

[OK] Result saved to: ../data/solution/orange/orange_european_18_40_d50_b_solution.json
[SOLUTION] Basic resilient RSA
    affected K_Z    : [1, 14, 34, 44, 48]
    K_prime         : [1, 14, 34, 44, 48]
    migration_order : 1 -> 14 -> 34 -> 44 -> 48
    migrated_paths  : {'1': {'path': [3, 5, 10, 16], 'start_slot': 45, 'last_slot': 50, 'slot_block': [45, 46, 47, 48, 49, 50], 'selected_arcs': [[3, 5], [5, 10], [10, 16]]}, '14': {'path': [10, 5, 3, 11], 'start_slot': 32, 'last_slot': 37, 'slot_block': [32, 33, 34, 35, 36, 37], 'selected_arcs': [[5, 3], [3, 11], [10, 5]]}, '34': {'path': [16, 10, 5, 3, 6], 'start_slot': 63, 'last_slot': 68, 'slot_block': [63, 64, 65, 66, 67, 68], 'selected_arcs': [[5, 3], [3, 6], [10, 5], [16, 10]]}, '44': {'path': [11, 3, 5, 9, 4, 13], 'start_slot': 69, 'last_slot': 74, 'slot_block': [69, 70, 71, 72, 73, 74], 'selected_arcs': [[3, 5], [11, 3], [9, 4], [4, 13], [5, 9]]}, '48': {'path': [11, 3, 5, 9, 4, 13], 'start_slot': 57, 'last_slot': 62, 'slot_block': [57, 58, 59, 60, 61, 62], 'selected_arcs': [[3, 5], [11, 3], [9, 4], [4, 13], [5, 9]]}}
