[INFO] Instance loaded
    name            : oP_L1_5x_Teff_iEuropean_18_40_d20_b_ofNLUS_f0_cd1_os1_gn0_b1_r0_cu0_p2
    nodes           : 18
    links           : 40
    demands         : 20
    nominal path    : 20
    plot type       : solve
    failure links   : [[3, 6]]
    affected K_Z    : [6, 11, 18]
Set parameter Username
Set parameter LicenseID to value 2812610
Academic license - for non-commercial use only - expires 2027-04-23
Set parameter TimeLimit to value 300
Set parameter OutputFlag to value 1
Gurobi Optimizer version 13.0.1 build v13.0.1rc0 (linux64 - "Arch Linux")

CPU model: Intel(R) Core(TM) i5-6500 CPU @ 3.20GHz, instruction set [SSE2|AVX|AVX2]
Thread count: 4 physical cores, 4 logical processors, using up to 4 threads

Non-default parameters:
TimeLimit  300

Optimize a model with 24184 rows, 40380 columns and 503242 nonzeros (Min)
Model fingerprint: 0x8e9fe844
Model has 1925 linear objective coefficients
Variable types: 0 continuous, 40380 integer (40380 binary)
Coefficient statistics:
  Matrix range     [1e+00, 1e+00]
  Objective range  [1e+00, 2e+03]
  Bounds range     [1e+00, 1e+00]
  RHS range        [1e+00, 1e+00]


---------------------------------------------------------------------------
Multi-objectives: starting optimization (min) with 2 objectives... 
---------------------------------------------------------------------------

Multi-objectives: applying initial presolve...
---------------------------------------------------------------------------

Presolve removed 5728 rows and 5935 columns
Presolve time: 0.70s
Presolved: 18456 rows, 34445 columns, 282739 nonzeros
---------------------------------------------------------------------------

Multi-objectives: optimize objective 1 (min_additional_mig) ...
---------------------------------------------------------------------------

Presolve removed 510 rows and 50 columns
Presolve time: 0.60s
Presolved: 17946 rows, 34395 columns, 281752 nonzeros
Variable types: 0 continuous, 34395 integer (34395 binary)
Deterministic concurrent LP optimizer: primal and dual simplex
Showing primal log only...

Concurrent spin time: 0.01s

Solved with dual simplex

Root relaxation: objective 0.000000e+00, 48 iterations, 0.19 seconds (0.15 work units)

    Nodes    |    Current Node    |     Objective Bounds      |     Work
 Expl Unexpl |  Obj  Depth IntInf | Incumbent    BestBd   Gap | It/Node Time

*    0     0               0       0.0000000    0.00000  0.00%     -    1s

Explored 1 nodes (48 simplex iterations) in 1.67 seconds (2.19 work units)
Thread count was 4 (of 4 available processors)

Solution count 1: 0 

Optimal solution found (tolerance 1.00e-04)
Best objective 0.000000000000e+00, best bound 0.000000000000e+00, gap 0.0000%
---------------------------------------------------------------------------

Multi-objectives: optimize objective 2 (min_total_latency) ...
---------------------------------------------------------------------------

Loaded user MIP start with objective 11714

Presolve removed 12427 rows and 15108 columns
Presolve time: 0.35s
Presolved: 6030 rows, 19337 columns, 119178 nonzeros
Variable types: 0 continuous, 19337 integer (19337 binary)
Deterministic concurrent LP optimizer: primal and dual simplex
Showing primal log only...


Solved with dual simplex

Use crossover to convert LP symmetric solution to basic solution...
Crossover time: 0.01 seconds (0.00 work units)

Root relaxation: objective 3.688000e+03, 169 iterations, 0.08 seconds (0.09 work units)

    Nodes    |    Current Node    |     Objective Bounds      |     Work
 Expl Unexpl |  Obj  Depth IntInf | Incumbent    BestBd   Gap | It/Node Time

*    0     0               0    3688.0000000 3688.00000  0.00%     -    2s

Explored 1 nodes (169 simplex iterations) in 2.15 seconds (2.74 work units)
Thread count was 4 (of 4 available processors)

Solution count 2: 3688 11714 

Optimal solution found (tolerance 1.00e-04)
Best objective 3.688000000000e+03, best bound 3.688000000000e+03, gap 0.0000%

---------------------------------------------------------------------------
Multi-objectives: solved in 2.16 seconds (2.74 work units), solution count 3

[OK] Result saved to: ../data/solution/orange/orange_european_18_40_d20_b_solution.json
[SOLUTION] Basic resilient RSA
    affected K_Z    : [6, 11, 18]
    K_prime         : [6, 11, 18]
    migration_order : 11 -> 6 -> 18
    migrated_paths  : {'6': {'path': [3, 11, 6], 'start_slot': 13, 'last_slot': 18, 'slot_block': [13, 14, 15, 16, 17, 18], 'selected_arcs': [[3, 11], [11, 6]]}, '11': {'path': [2, 16, 11, 6], 'start_slot': 25, 'last_slot': 30, 'slot_block': [25, 26, 27, 28, 29, 30], 'selected_arcs': [[2, 16], [11, 6], [16, 11]]}, '18': {'path': [3, 11, 6], 'start_slot': 19, 'last_slot': 24, 'slot_block': [19, 20, 21, 22, 23, 24], 'selected_arcs': [[3, 11], [11, 6]]}}
