[INFO] Instance loaded
    name            : oP_L1_5x_Teff_iEuropean_18_40_d50_b_ofNLUS_f0_cd1_os1_gn0_b1_r0_cu0_p2
    nodes           : 18
    links           : 40
    demands         : 50
    nominal path    : 50
    plot type       : solve_greedy
    failure links   : [[11, 16], [2, 5]]
    affected K_Z    : [1, 4, 7, 8, 12, 14, 20, 34, 44, 48]
[OK] Greedy rerouted demand 34: path=[16, 10, 5, 3, 6], S=[31, 32, 33, 34, 35, 36]
[OK] Greedy rerouted demand 44: path=[11, 3, 5, 9, 4, 13], S=[37, 38, 39, 40, 41, 42]
[OK] Greedy rerouted demand 4: path=[16, 10, 5, 3], S=[43, 44, 45, 46, 47, 48]
[OK] Greedy rerouted demand 14: path=[10, 5, 3, 11], S=[49, 50, 51, 52, 53, 54]
[OK] Greedy rerouted demand 8: path=[3, 5, 10, 16], S=[55, 56, 57, 58, 59, 60]
[OK] Greedy rerouted demand 12: path=[5, 9, 15], S=[31, 32, 33, 34, 35, 36]
[OK] Greedy rerouted demand 7: path=[4, 9, 5, 3], S=[61, 62, 63, 64, 65, 66]
[OK] Greedy rerouted demand 1: path=[3, 5, 10, 16], S=[67, 68, 69, 70, 71, 72]
[OK] Greedy rerouted demand 48: path=[11, 3, 5, 9, 4, 13], S=[73, 74, 75, 76, 77, 78]
[OK] Greedy rerouted demand 20: path=[3, 5, 10, 2], S=[79, 80, 81, 82, 83, 84]
[OK] Greedy solution saved to: ../data/solution/European_18_40_greedy/orange_european_18_40_d50_z2-b_greedy_solution.json
